======================================
   libisal 2.29.0: ./test-suite.log
======================================

# TOTAL: 16
# PASS:  16
# SKIP:  0
# XFAIL: 0
# FAIL:  0
# XPASS: 0
# ERROR: 0

.. contents:: :depth: 2

